2025-07-16T18:53:57.841617+00:00 ubuntu kernel: Linux version 6.8.0-60-generic (buildd@lcy02-amd64-054) (x86_64-linux-gnu-gcc-13 (Ubuntu 13.3.0-6ubuntu2~24.04) 13.3.0, GNU ld (GNU Binutils for Ubuntu) 2.42) #63-Ubuntu SMP PREEMPT_DYNAMIC Tue Apr 15 19:04:15 UTC 2025 (Ubuntu 6.8.0-60.63-generic 6.8.12)
2025-07-16T18:53:57.843687+00:00 ubuntu kernel: Command line: BOOT_IMAGE=/vmlinuz-6.8.0-60-generic root=LABEL=cloudimg-rootfs ro console=tty1 console=ttyS0
2025-07-16T18:53:57.843690+00:00 ubuntu kernel: KERNEL supported cpus:
2025-07-16T18:53:57.843691+00:00 ubuntu kernel:   Intel GenuineIntel
2025-07-16T18:53:57.843691+00:00 ubuntu kernel:   AMD AuthenticAMD
2025-07-16T18:53:57.843691+00:00 ubuntu kernel:   Hygon HygonGenuine
2025-07-16T18:53:57.843692+00:00 ubuntu kernel:   Centaur CentaurHauls
2025-07-16T18:53:57.843694+00:00 ubuntu kernel:   zhaoxin   Shanghai  
2025-07-16T18:53:57.843695+00:00 ubuntu kernel: BIOS-provided physical RAM map:
2025-07-16T18:53:57.843695+00:00 ubuntu kernel: BIOS-e820: [mem 0x0000000000000000-0x000000000009fbff] usable
2025-07-16T18:53:57.843696+00:00 ubuntu kernel: BIOS-e820: [mem 0x000000000009fc00-0x000000000009ffff] reserved
2025-07-16T18:53:57.843696+00:00 ubuntu kernel: BIOS-e820: [mem 0x00000000000f0000-0x00000000000fffff] reserved
2025-07-16T18:53:57.843696+00:00 ubuntu kernel: BIOS-e820: [mem 0x0000000000100000-0x00000000bffdafff] usable
2025-07-16T18:53:57.843698+00:00 ubuntu kernel: BIOS-e820: [mem 0x00000000bffdb000-0x00000000bfffffff] reserved
2025-07-16T18:53:57.843699+00:00 ubuntu kernel: BIOS-e820: [mem 0x00000000feffc000-0x00000000feffffff] reserved
2025-07-16T18:53:57.843699+00:00 ubuntu kernel: BIOS-e820: [mem 0x00000000fffc0000-0x00000000ffffffff] reserved
2025-07-16T18:53:57.843699+00:00 ubuntu kernel: BIOS-e820: [mem 0x0000000100000000-0x000000033fffffff] usable
2025-07-16T18:53:57.843700+00:00 ubuntu kernel: NX (Execute Disable) protection: active
2025-07-16T18:53:57.843700+00:00 ubuntu kernel: APIC: Static calls initialized
2025-07-16T18:53:57.843700+00:00 ubuntu kernel: SMBIOS 2.8 present.
2025-07-16T18:53:57.843703+00:00 ubuntu kernel: DMI: QEMU Standard PC (i440FX + PIIX, 1996), BIOS 1.14.0-2 04/01/2014
2025-07-16T18:53:57.843703+00:00 ubuntu kernel: Hypervisor detected: KVM
2025-07-16T18:53:57.843703+00:00 ubuntu kernel: kvm-clock: Using msrs 4b564d01 and 4b564d00
2025-07-16T18:53:57.843704+00:00 ubuntu kernel: kvm-clock: using sched offset of 1397381827 cycles
2025-07-16T18:53:57.843704+00:00 ubuntu kernel: clocksource: kvm-clock: mask: 0xffffffffffffffff max_cycles: 0x1cd42e4dffb, max_idle_ns: 881590591483 ns
2025-07-16T18:53:57.843704+00:00 ubuntu kernel: tsc: Detected 1996.250 MHz processor
2025-07-16T18:53:57.843707+00:00 ubuntu kernel: e820: update [mem 0x00000000-0x00000fff] usable ==> reserved
2025-07-16T18:53:57.843707+00:00 ubuntu kernel: e820: remove [mem 0x000a0000-0x000fffff] usable
2025-07-16T18:53:57.843707+00:00 ubuntu kernel: last_pfn = 0x340000 max_arch_pfn = 0x400000000
2025-07-16T18:53:57.843708+00:00 ubuntu kernel: MTRR map: 4 entries (3 fixed + 1 variable; max 19), built from 8 variable MTRRs
2025-07-16T18:53:57.843708+00:00 ubuntu kernel: x86/PAT: Configuration [0-7]: WB  WC  UC- UC  WB  WP  UC- WT  
2025-07-16T18:53:57.843708+00:00 ubuntu kernel: last_pfn = 0xbffdb max_arch_pfn = 0x400000000
2025-07-16T18:53:57.843710+00:00 ubuntu kernel: found SMP MP-table at [mem 0x000f5c30-0x000f5c3f]
2025-07-16T18:53:57.843711+00:00 ubuntu kernel: Using GB pages for direct mapping
2025-07-16T18:53:57.843711+00:00 ubuntu kernel: RAMDISK: [mem 0x349c5000-0x364d9fff]
2025-07-16T18:53:57.843712+00:00 ubuntu kernel: ACPI: Early table checksum verification disabled
2025-07-16T18:53:57.843712+00:00 ubuntu kernel: ACPI: RSDP 0x00000000000F5A50 000014 (v00 BOCHS )
2025-07-16T18:53:57.843712+00:00 ubuntu kernel: ACPI: RSDT 0x00000000BFFECD73 000038 (v01 BOCHS  BXPC     00000001 BXPC 00000001)
2025-07-16T18:53:57.843713+00:00 ubuntu kernel: ACPI: FACP 0x00000000BFFEBF5F 000074 (v01 BOCHS  BXPC     00000001 BXPC 00000001)
2025-07-16T18:53:57.843715+00:00 ubuntu kernel: ACPI: DSDT 0x00000000BFFE0040 00BF1F (v01 BOCHS  BXPC     00000001 BXPC 00000001)
2025-07-16T18:53:57.843715+00:00 ubuntu kernel: ACPI: FACS 0x00000000BFFE0000 000040
2025-07-16T18:53:57.843716+00:00 ubuntu kernel: ACPI: APIC 0x00000000BFFEBFD3 000470 (v01 BOCHS  BXPC     00000001 BXPC 00000001)
2025-07-16T18:53:57.843716+00:00 ubuntu kernel: ACPI: HPET 0x00000000BFFEC443 000038 (v01 BOCHS  BXPC     00000001 BXPC 00000001)
2025-07-16T18:53:57.843716+00:00 ubuntu kernel: ACPI: SRAT 0x00000000BFFEC47B 0008D0 (v01 BOCHS  BXPC     00000001 BXPC 00000001)
2025-07-16T18:53:57.843716+00:00 ubuntu kernel: ACPI: WAET 0x00000000BFFECD4B 000028 (v01 BOCHS  BXPC     00000001 BXPC 00000001)
2025-07-16T18:53:57.843719+00:00 ubuntu kernel: ACPI: Reserving FACP table memory at [mem 0xbffebf5f-0xbffebfd2]
2025-07-16T18:53:57.843719+00:00 ubuntu kernel: ACPI: Reserving DSDT table memory at [mem 0xbffe0040-0xbffebf5e]
2025-07-16T18:53:57.843719+00:00 ubuntu kernel: ACPI: Reserving FACS table memory at [mem 0xbffe0000-0xbffe003f]
2025-07-16T18:53:57.843720+00:00 ubuntu kernel: ACPI: Reserving APIC table memory at [mem 0xbffebfd3-0xbffec442]
2025-07-16T18:53:57.843720+00:00 ubuntu kernel: ACPI: Reserving HPET table memory at [mem 0xbffec443-0xbffec47a]
2025-07-16T18:53:57.843720+00:00 ubuntu kernel: ACPI: Reserving SRAT table memory at [mem 0xbffec47b-0xbffecd4a]
2025-07-16T18:53:57.843721+00:00 ubuntu kernel: ACPI: Reserving WAET table memory at [mem 0xbffecd4b-0xbffecd72]
2025-07-16T18:53:57.843723+00:00 ubuntu kernel: SRAT: PXM 0 -> APIC 0x00 -> Node 0
2025-07-16T18:53:57.843723+00:00 ubuntu kernel: SRAT: PXM 0 -> APIC 0x01 -> Node 0
2025-07-16T18:53:57.843724+00:00 ubuntu kernel: SRAT: PXM 0 -> APIC 0x02 -> Node 0
2025-07-16T18:53:57.843724+00:00 ubuntu kernel: SRAT: PXM 0 -> APIC 0x03 -> Node 0
2025-07-16T18:53:57.843724+00:00 ubuntu kernel: SRAT: PXM 0 -> APIC 0x04 -> Node 0
2025-07-16T18:53:57.843725+00:00 ubuntu kernel: SRAT: PXM 0 -> APIC 0x05 -> Node 0
2025-07-16T18:53:57.843727+00:00 ubuntu kernel: SRAT: PXM 0 -> APIC 0x06 -> Node 0
2025-07-16T18:53:57.843727+00:00 ubuntu kernel: SRAT: PXM 0 -> APIC 0x07 -> Node 0
2025-07-16T18:53:57.843728+00:00 ubuntu kernel: SRAT: PXM 0 -> APIC 0x08 -> Node 0
2025-07-16T18:53:57.843728+00:00 ubuntu kernel: SRAT: PXM 0 -> APIC 0x09 -> Node 0
2025-07-16T18:53:57.843728+00:00 ubuntu kernel: SRAT: PXM 0 -> APIC 0x0a -> Node 0
2025-07-16T18:53:57.843728+00:00 ubuntu kernel: SRAT: PXM 0 -> APIC 0x0b -> Node 0
2025-07-16T18:53:57.843731+00:00 ubuntu kernel: SRAT: PXM 0 -> APIC 0x0c -> Node 0
2025-07-16T18:53:57.843731+00:00 ubuntu kernel: SRAT: PXM 0 -> APIC 0x0d -> Node 0
2025-07-16T18:53:57.843732+00:00 ubuntu kernel: SRAT: PXM 0 -> APIC 0x0e -> Node 0
2025-07-16T18:53:57.843732+00:00 ubuntu kernel: SRAT: PXM 0 -> APIC 0x0f -> Node 0
2025-07-16T18:53:57.843732+00:00 ubuntu kernel: SRAT: PXM 0 -> APIC 0x10 -> Node 0
2025-07-16T18:53:57.843732+00:00 ubuntu kernel: SRAT: PXM 0 -> APIC 0x11 -> Node 0
2025-07-16T18:53:57.843733+00:00 ubuntu kernel: SRAT: PXM 0 -> APIC 0x12 -> Node 0
2025-07-16T18:53:57.843735+00:00 ubuntu kernel: SRAT: PXM 0 -> APIC 0x13 -> Node 0
2025-07-16T18:53:57.843736+00:00 ubuntu kernel: SRAT: PXM 0 -> APIC 0x14 -> Node 0
2025-07-16T18:53:57.843736+00:00 ubuntu kernel: SRAT: PXM 0 -> APIC 0x15 -> Node 0
2025-07-16T18:53:57.843736+00:00 ubuntu kernel: SRAT: PXM 0 -> APIC 0x16 -> Node 0
2025-07-16T18:53:57.843737+00:00 ubuntu kernel: SRAT: PXM 0 -> APIC 0x17 -> Node 0
2025-07-16T18:53:57.843737+00:00 ubuntu kernel: SRAT: PXM 0 -> APIC 0x18 -> Node 0
2025-07-16T18:53:57.843742+00:00 ubuntu kernel: SRAT: PXM 0 -> APIC 0x19 -> Node 0
2025-07-16T18:53:57.843742+00:00 ubuntu kernel: SRAT: PXM 0 -> APIC 0x1a -> Node 0
2025-07-16T18:53:57.843742+00:00 ubuntu kernel: SRAT: PXM 0 -> APIC 0x1b -> Node 0
2025-07-16T18:53:57.843743+00:00 ubuntu kernel: SRAT: PXM 0 -> APIC 0x1c -> Node 0
2025-07-16T18:53:57.843743+00:00 ubuntu kernel: SRAT: PXM 0 -> APIC 0x1d -> Node 0
2025-07-16T18:53:57.843743+00:00 ubuntu kernel: SRAT: PXM 0 -> APIC 0x1e -> Node 0
2025-07-16T18:53:57.843743+00:00 ubuntu kernel: SRAT: PXM 0 -> APIC 0x1f -> Node 0
2025-07-16T18:53:57.843746+00:00 ubuntu kernel: SRAT: PXM 0 -> APIC 0x20 -> Node 0
2025-07-16T18:53:57.843746+00:00 ubuntu kernel: SRAT: PXM 0 -> APIC 0x21 -> Node 0
2025-07-16T18:53:57.843746+00:00 ubuntu kernel: SRAT: PXM 0 -> APIC 0x22 -> Node 0
2025-07-16T18:53:57.843747+00:00 ubuntu kernel: SRAT: PXM 0 -> APIC 0x23 -> Node 0
2025-07-16T18:53:57.843747+00:00 ubuntu kernel: SRAT: PXM 0 -> APIC 0x24 -> Node 0
2025-07-16T18:53:57.843747+00:00 ubuntu kernel: SRAT: PXM 0 -> APIC 0x25 -> Node 0
2025-07-16T18:53:57.843750+00:00 ubuntu kernel: SRAT: PXM 0 -> APIC 0x26 -> Node 0
2025-07-16T18:53:57.843750+00:00 ubuntu kernel: SRAT: PXM 0 -> APIC 0x27 -> Node 0
2025-07-16T18:53:57.843750+00:00 ubuntu kernel: SRAT: PXM 0 -> APIC 0x28 -> Node 0
2025-07-16T18:53:57.843751+00:00 ubuntu kernel: SRAT: PXM 0 -> APIC 0x29 -> Node 0
2025-07-16T18:53:57.843751+00:00 ubuntu kernel: SRAT: PXM 0 -> APIC 0x2a -> Node 0
2025-07-16T18:53:57.843751+00:00 ubuntu kernel: SRAT: PXM 0 -> APIC 0x2b -> Node 0
2025-07-16T18:53:57.843753+00:00 ubuntu kernel: SRAT: PXM 0 -> APIC 0x2c -> Node 0
2025-07-16T18:53:57.843754+00:00 ubuntu kernel: SRAT: PXM 0 -> APIC 0x2d -> Node 0
2025-07-16T18:53:57.843754+00:00 ubuntu kernel: SRAT: PXM 0 -> APIC 0x2e -> Node 0
2025-07-16T18:53:57.843754+00:00 ubuntu kernel: SRAT: PXM 0 -> APIC 0x2f -> Node 0
2025-07-16T18:53:57.843755+00:00 ubuntu kernel: SRAT: PXM 0 -> APIC 0x30 -> Node 0
2025-07-16T18:53:57.843755+00:00 ubuntu kernel: SRAT: PXM 0 -> APIC 0x31 -> Node 0
2025-07-16T18:53:57.843755+00:00 ubuntu kernel: SRAT: PXM 0 -> APIC 0x32 -> Node 0
2025-07-16T18:53:57.843757+00:00 ubuntu kernel: SRAT: PXM 0 -> APIC 0x33 -> Node 0
2025-07-16T18:53:57.843758+00:00 ubuntu kernel: SRAT: PXM 0 -> APIC 0x34 -> Node 0
2025-07-16T18:53:57.843758+00:00 ubuntu kernel: SRAT: PXM 0 -> APIC 0x35 -> Node 0
2025-07-16T18:53:57.843758+00:00 ubuntu kernel: SRAT: PXM 0 -> APIC 0x36 -> Node 0
2025-07-16T18:53:57.843759+00:00 ubuntu kernel: SRAT: PXM 0 -> APIC 0x37 -> Node 0
2025-07-16T18:53:57.843759+00:00 ubuntu kernel: SRAT: PXM 0 -> APIC 0x38 -> Node 0
2025-07-16T18:53:57.843761+00:00 ubuntu kernel: SRAT: PXM 0 -> APIC 0x39 -> Node 0
2025-07-16T18:53:57.843762+00:00 ubuntu kernel: SRAT: PXM 0 -> APIC 0x3a -> Node 0
2025-07-16T18:53:57.843762+00:00 ubuntu kernel: SRAT: PXM 0 -> APIC 0x3b -> Node 0
2025-07-16T18:53:57.843762+00:00 ubuntu kernel: SRAT: PXM 0 -> APIC 0x3c -> Node 0
2025-07-16T18:53:57.843762+00:00 ubuntu kernel: SRAT: PXM 0 -> APIC 0x3d -> Node 0
2025-07-16T18:53:57.843763+00:00 ubuntu kernel: SRAT: PXM 0 -> APIC 0x3e -> Node 0
2025-07-16T18:53:57.843763+00:00 ubuntu kernel: SRAT: PXM 0 -> APIC 0x3f -> Node 0
2025-07-16T18:53:57.843765+00:00 ubuntu kernel: SRAT: PXM 0 -> APIC 0x40 -> Node 0
2025-07-16T18:53:57.843766+00:00 ubuntu kernel: SRAT: PXM 0 -> APIC 0x41 -> Node 0
2025-07-16T18:53:57.843766+00:00 ubuntu kernel: SRAT: PXM 0 -> APIC 0x42 -> Node 0
2025-07-16T18:53:57.843766+00:00 ubuntu kernel: SRAT: PXM 0 -> APIC 0x43 -> Node 0
2025-07-16T18:53:57.843766+00:00 ubuntu kernel: SRAT: PXM 0 -> APIC 0x44 -> Node 0
2025-07-16T18:53:57.843767+00:00 ubuntu kernel: SRAT: PXM 0 -> APIC 0x45 -> Node 0
2025-07-16T18:53:57.843769+00:00 ubuntu kernel: SRAT: PXM 0 -> APIC 0x46 -> Node 0
2025-07-16T18:53:57.843769+00:00 ubuntu kernel: SRAT: PXM 0 -> APIC 0x47 -> Node 0
2025-07-16T18:53:57.843770+00:00 ubuntu kernel: SRAT: PXM 0 -> APIC 0x48 -> Node 0
2025-07-16T18:53:57.843770+00:00 ubuntu kernel: SRAT: PXM 0 -> APIC 0x49 -> Node 0
2025-07-16T18:53:57.843770+00:00 ubuntu kernel: SRAT: PXM 0 -> APIC 0x4a -> Node 0
2025-07-16T18:53:57.843770+00:00 ubuntu kernel: SRAT: PXM 0 -> APIC 0x4b -> Node 0
2025-07-16T18:53:57.843859+00:00 ubuntu kernel: SRAT: PXM 0 -> APIC 0x4c -> Node 0
2025-07-16T18:53:57.843860+00:00 ubuntu kernel: SRAT: PXM 0 -> APIC 0x4d -> Node 0
2025-07-16T18:53:57.843860+00:00 ubuntu kernel: SRAT: PXM 0 -> APIC 0x4e -> Node 0
2025-07-16T18:53:57.843860+00:00 ubuntu kernel: SRAT: PXM 0 -> APIC 0x4f -> Node 0
2025-07-16T18:53:57.843861+00:00 ubuntu kernel: SRAT: PXM 0 -> APIC 0x50 -> Node 0
2025-07-16T18:53:57.843861+00:00 ubuntu kernel: SRAT: PXM 0 -> APIC 0x51 -> Node 0
2025-07-16T18:53:57.843861+00:00 ubuntu kernel: SRAT: PXM 0 -> APIC 0x52 -> Node 0
2025-07-16T18:53:57.843864+00:00 ubuntu kernel: SRAT: PXM 0 -> APIC 0x53 -> Node 0
2025-07-16T18:53:57.843864+00:00 ubuntu kernel: SRAT: PXM 0 -> APIC 0x54 -> Node 0
2025-07-16T18:53:57.843864+00:00 ubuntu kernel: SRAT: PXM 0 -> APIC 0x55 -> Node 0
2025-07-16T18:53:57.843865+00:00 ubuntu kernel: SRAT: PXM 0 -> APIC 0x56 -> Node 0
2025-07-16T18:53:57.843865+00:00 ubuntu kernel: SRAT: PXM 0 -> APIC 0x57 -> Node 0
2025-07-16T18:53:57.843865+00:00 ubuntu kernel: SRAT: PXM 0 -> APIC 0x58 -> Node 0
2025-07-16T18:53:57.843867+00:00 ubuntu kernel: SRAT: PXM 0 -> APIC 0x59 -> Node 0
2025-07-16T18:53:57.843868+00:00 ubuntu kernel: SRAT: PXM 0 -> APIC 0x5a -> Node 0
2025-07-16T18:53:57.843868+00:00 ubuntu kernel: SRAT: PXM 0 -> APIC 0x5b -> Node 0
2025-07-16T18:53:57.843868+00:00 ubuntu kernel: SRAT: PXM 0 -> APIC 0x5c -> Node 0
2025-07-16T18:53:57.843869+00:00 ubuntu kernel: SRAT: PXM 0 -> APIC 0x5d -> Node 0
2025-07-16T18:53:57.843869+00:00 ubuntu kernel: SRAT: PXM 0 -> APIC 0x5e -> Node 0
2025-07-16T18:53:57.843869+00:00 ubuntu kernel: SRAT: PXM 0 -> APIC 0x5f -> Node 0
2025-07-16T18:53:57.843871+00:00 ubuntu kernel: SRAT: PXM 0 -> APIC 0x60 -> Node 0
2025-07-16T18:53:57.843872+00:00 ubuntu kernel: SRAT: PXM 0 -> APIC 0x61 -> Node 0
2025-07-16T18:53:57.843872+00:00 ubuntu kernel: SRAT: PXM 0 -> APIC 0x62 -> Node 0
2025-07-16T18:53:57.843872+00:00 ubuntu kernel: SRAT: PXM 0 -> APIC 0x63 -> Node 0
2025-07-16T18:53:57.843873+00:00 ubuntu kernel: SRAT: PXM 0 -> APIC 0x64 -> Node 0
2025-07-16T18:53:57.843873+00:00 ubuntu kernel: SRAT: PXM 0 -> APIC 0x65 -> Node 0
2025-07-16T18:53:57.843875+00:00 ubuntu kernel: SRAT: PXM 0 -> APIC 0x66 -> Node 0
2025-07-16T18:53:57.843875+00:00 ubuntu kernel: SRAT: PXM 0 -> APIC 0x67 -> Node 0
2025-07-16T18:53:57.843876+00:00 ubuntu kernel: SRAT: PXM 0 -> APIC 0x68 -> Node 0
2025-07-16T18:53:57.843876+00:00 ubuntu kernel: SRAT: PXM 0 -> APIC 0x69 -> Node 0
2025-07-16T18:53:57.843876+00:00 ubuntu kernel: SRAT: PXM 0 -> APIC 0x6a -> Node 0
2025-07-16T18:53:57.843877+00:00 ubuntu kernel: SRAT: PXM 0 -> APIC 0x6b -> Node 0
2025-07-16T18:53:57.843879+00:00 ubuntu kernel: SRAT: PXM 0 -> APIC 0x6c -> Node 0
2025-07-16T18:53:57.843879+00:00 ubuntu kernel: SRAT: PXM 0 -> APIC 0x6d -> Node 0
2025-07-16T18:53:57.843880+00:00 ubuntu kernel: SRAT: PXM 0 -> APIC 0x6e -> Node 0
2025-07-16T18:53:57.843880+00:00 ubuntu kernel: SRAT: PXM 0 -> APIC 0x6f -> Node 0
2025-07-16T18:53:57.843880+00:00 ubuntu kernel: SRAT: PXM 0 -> APIC 0x70 -> Node 0
2025-07-16T18:53:57.843880+00:00 ubuntu kernel: SRAT: PXM 0 -> APIC 0x71 -> Node 0
2025-07-16T18:53:57.843881+00:00 ubuntu kernel: SRAT: PXM 0 -> APIC 0x72 -> Node 0
2025-07-16T18:53:57.843883+00:00 ubuntu kernel: SRAT: PXM 0 -> APIC 0x73 -> Node 0
2025-07-16T18:53:57.843883+00:00 ubuntu kernel: SRAT: PXM 0 -> APIC 0x74 -> Node 0
2025-07-16T18:53:57.843883+00:00 ubuntu kernel: SRAT: PXM 0 -> APIC 0x75 -> Node 0
2025-07-16T18:53:57.843884+00:00 ubuntu kernel: SRAT: PXM 0 -> APIC 0x76 -> Node 0
2025-07-16T18:53:57.843884+00:00 ubuntu kernel: SRAT: PXM 0 -> APIC 0x77 -> Node 0
2025-07-16T18:53:57.843884+00:00 ubuntu kernel: SRAT: PXM 0 -> APIC 0x78 -> Node 0
2025-07-16T18:53:57.843889+00:00 ubuntu kernel: SRAT: PXM 0 -> APIC 0x79 -> Node 0
2025-07-16T18:53:57.843889+00:00 ubuntu kernel: SRAT: PXM 0 -> APIC 0x7a -> Node 0
2025-07-16T18:53:57.843889+00:00 ubuntu kernel: SRAT: PXM 0 -> APIC 0x7b -> Node 0
2025-07-16T18:53:57.843890+00:00 ubuntu kernel: SRAT: PXM 0 -> APIC 0x7c -> Node 0
2025-07-16T18:53:57.843890+00:00 ubuntu kernel: SRAT: PXM 0 -> APIC 0x7d -> Node 0
2025-07-16T18:53:57.843890+00:00 ubuntu kernel: SRAT: PXM 0 -> APIC 0x7e -> Node 0
2025-07-16T18:53:57.843891+00:00 ubuntu kernel: SRAT: PXM 0 -> APIC 0x7f -> Node 0
2025-07-16T18:53:57.843893+00:00 ubuntu kernel: ACPI: SRAT: Node 0 PXM 0 [mem 0x00000000-0x0009ffff]
2025-07-16T18:53:57.843893+00:00 ubuntu kernel: ACPI: SRAT: Node 0 PXM 0 [mem 0x00100000-0xbfffffff]
2025-07-16T18:53:57.843894+00:00 ubuntu kernel: ACPI: SRAT: Node 0 PXM 0 [mem 0x100000000-0x33fffffff]
2025-07-16T18:53:57.843894+00:00 ubuntu kernel: ACPI: SRAT: Node 0 PXM 0 [mem 0x340000000-0x7d3fffffff] hotplug
2025-07-16T18:53:57.843894+00:00 ubuntu kernel: NUMA: Node 0 [mem 0x00000000-0x0009ffff] + [mem 0x00100000-0xbfffffff] -> [mem 0x00000000-0xbfffffff]
2025-07-16T18:53:57.843895+00:00 ubuntu kernel: NUMA: Node 0 [mem 0x00000000-0xbfffffff] + [mem 0x100000000-0x33fffffff] -> [mem 0x00000000-0x33fffffff]
2025-07-16T18:53:57.843897+00:00 ubuntu kernel: NODE_DATA(0) allocated [mem 0x33ffd5000-0x33fffffff]
2025-07-16T18:53:57.843897+00:00 ubuntu kernel: Zone ranges:
2025-07-16T18:53:57.843898+00:00 ubuntu kernel:   DMA      [mem 0x0000000000001000-0x0000000000ffffff]
2025-07-16T18:53:57.843898+00:00 ubuntu kernel:   DMA32    [mem 0x0000000001000000-0x00000000ffffffff]
2025-07-16T18:53:57.843898+00:00 ubuntu kernel:   Normal   [mem 0x0000000100000000-0x000000033fffffff]
2025-07-16T18:53:57.843899+00:00 ubuntu kernel:   Device   empty
2025-07-16T18:53:57.843901+00:00 ubuntu kernel: Movable zone start for each node
2025-07-16T18:53:57.843901+00:00 ubuntu kernel: Early memory node ranges
2025-07-16T18:53:57.843901+00:00 ubuntu kernel:   node   0: [mem 0x0000000000001000-0x000000000009efff]
2025-07-16T18:53:57.843902+00:00 ubuntu kernel:   node   0: [mem 0x0000000000100000-0x00000000bffdafff]
2025-07-16T18:53:57.843902+00:00 ubuntu kernel:   node   0: [mem 0x0000000100000000-0x000000033fffffff]
2025-07-16T18:53:57.843902+00:00 ubuntu kernel: Initmem setup node 0 [mem 0x0000000000001000-0x000000033fffffff]
2025-07-16T18:53:57.843905+00:00 ubuntu kernel: On node 0, zone DMA: 1 pages in unavailable ranges
2025-07-16T18:53:57.843905+00:00 ubuntu kernel: On node 0, zone DMA: 97 pages in unavailable ranges
2025-07-16T18:53:57.843905+00:00 ubuntu kernel: On node 0, zone Normal: 37 pages in unavailable ranges
2025-07-16T18:53:57.843906+00:00 ubuntu kernel: ACPI: PM-Timer IO Port: 0x608
2025-07-16T18:53:57.843906+00:00 ubuntu kernel: ACPI: LAPIC_NMI (acpi_id[0xff] dfl dfl lint[0x1])
2025-07-16T18:53:57.843906+00:00 ubuntu kernel: IOAPIC[0]: apic_id 0, version 17, address 0xfec00000, GSI 0-23
2025-07-16T18:53:57.843906+00:00 ubuntu kernel: ACPI: INT_SRC_OVR (bus 0 bus_irq 0 global_irq 2 dfl dfl)
2025-07-16T18:53:57.843914+00:00 ubuntu kernel: ACPI: INT_SRC_OVR (bus 0 bus_irq 5 global_irq 5 high level)
2025-07-16T18:53:57.843914+00:00 ubuntu kernel: ACPI: INT_SRC_OVR (bus 0 bus_irq 9 global_irq 9 high level)
2025-07-16T18:53:57.843914+00:00 ubuntu kernel: ACPI: INT_SRC_OVR (bus 0 bus_irq 10 global_irq 10 high level)
2025-07-16T18:53:57.843915+00:00 ubuntu kernel: ACPI: INT_SRC_OVR (bus 0 bus_irq 11 global_irq 11 high level)
2025-07-16T18:53:57.843915+00:00 ubuntu kernel: ACPI: Using ACPI (MADT) for SMP configuration information
2025-07-16T18:53:57.843915+00:00 ubuntu kernel: ACPI: HPET id: 0x8086a201 base: 0xfed00000
2025-07-16T18:53:57.843920+00:00 ubuntu kernel: smpboot: Allowing 128 CPUs, 122 hotplug CPUs
2025-07-16T18:53:57.843920+00:00 ubuntu kernel: kvm-guest: APIC: eoi() replaced with kvm_guest_apic_eoi_write()
2025-07-16T18:53:57.843920+00:00 ubuntu kernel: PM: hibernation: Registered nosave memory: [mem 0x00000000-0x00000fff]
2025-07-16T18:53:57.843921+00:00 ubuntu kernel: PM: hibernation: Registered nosave memory: [mem 0x0009f000-0x0009ffff]
2025-07-16T18:53:57.843921+00:00 ubuntu kernel: PM: hibernation: Registered nosave memory: [mem 0x000a0000-0x000effff]
2025-07-16T18:53:57.843921+00:00 ubuntu kernel: PM: hibernation: Registered nosave memory: [mem 0x000f0000-0x000fffff]
2025-07-16T18:53:57.843922+00:00 ubuntu kernel: PM: hibernation: Registered nosave memory: [mem 0xbffdb000-0xbfffffff]
2025-07-16T18:53:57.843926+00:00 ubuntu kernel: PM: hibernation: Registered nosave memory: [mem 0xc0000000-0xfeffbfff]
2025-07-16T18:53:57.843926+00:00 ubuntu kernel: PM: hibernation: Registered nosave memory: [mem 0xfeffc000-0xfeffffff]
2025-07-16T18:53:57.843927+00:00 ubuntu kernel: PM: hibernation: Registered nosave memory: [mem 0xff000000-0xfffbffff]
2025-07-16T18:53:57.843927+00:00 ubuntu kernel: PM: hibernation: Registered nosave memory: [mem 0xfffc0000-0xffffffff]
2025-07-16T18:53:57.843927+00:00 ubuntu kernel: [mem 0xc0000000-0xfeffbfff] available for PCI devices
2025-07-16T18:53:57.843928+00:00 ubuntu kernel: Booting paravirtualized kernel on KVM
2025-07-16T18:53:57.843932+00:00 ubuntu kernel: clocksource: refined-jiffies: mask: 0xffffffff max_cycles: 0xffffffff, max_idle_ns: 1910969940391419 ns
2025-07-16T18:53:57.843932+00:00 ubuntu kernel: setup_percpu: NR_CPUS:8192 nr_cpumask_bits:128 nr_cpu_ids:128 nr_node_ids:1
2025-07-16T18:53:57.843933+00:00 ubuntu kernel: percpu: Embedded 86 pages/cpu s229376 r8192 d114688 u524288
2025-07-16T18:53:57.843933+00:00 ubuntu kernel: pcpu-alloc: s229376 r8192 d114688 u524288 alloc=1*2097152
2025-07-16T18:53:57.843933+00:00 ubuntu kernel: pcpu-alloc: [0] 000 001 002 003 [0] 004 005 006 007 
2025-07-16T18:53:57.843933+00:00 ubuntu kernel: pcpu-alloc: [0] 008 009 010 011 [0] 012 013 014 015 
2025-07-16T18:53:57.843938+00:00 ubuntu kernel: pcpu-alloc: [0] 016 017 018 019 [0] 020 021 022 023 
2025-07-16T18:53:57.843938+00:00 ubuntu kernel: pcpu-alloc: [0] 024 025 026 027 [0] 028 029 030 031 
2025-07-16T18:53:57.843938+00:00 ubuntu kernel: pcpu-alloc: [0] 032 033 034 035 [0] 036 037 038 039 
2025-07-16T18:53:57.843939+00:00 ubuntu kernel: pcpu-alloc: [0] 040 041 042 043 [0] 044 045 046 047 
2025-07-16T18:53:57.843939+00:00 ubuntu kernel: pcpu-alloc: [0] 048 049 050 051 [0] 052 053 054 055 
2025-07-16T18:53:57.843939+00:00 ubuntu kernel: pcpu-alloc: [0] 056 057 058 059 [0] 060 061 062 063 
2025-07-16T18:53:57.843940+00:00 ubuntu kernel: pcpu-alloc: [0] 064 065 066 067 [0] 068 069 070 071 
2025-07-16T18:53:57.843944+00:00 ubuntu kernel: pcpu-alloc: [0] 072 073 074 075 [0] 076 077 078 079 
2025-07-16T18:53:57.843944+00:00 ubuntu kernel: pcpu-alloc: [0] 080 081 082 083 [0] 084 085 086 087 
2025-07-16T18:53:57.843944+00:00 ubuntu kernel: pcpu-alloc: [0] 088 089 090 091 [0] 092 093 094 095 
2025-07-16T18:53:57.843945+00:00 ubuntu kernel: pcpu-alloc: [0] 096 097 098 099 [0] 100 101 102 103 
2025-07-16T18:53:57.843945+00:00 ubuntu kernel: pcpu-alloc: [0] 104 105 106 107 [0] 108 109 110 111 
2025-07-16T18:53:57.843945+00:00 ubuntu kernel: pcpu-alloc: [0] 112 113 114 115 [0] 116 117 118 119 
2025-07-16T18:53:57.843949+00:00 ubuntu kernel: pcpu-alloc: [0] 120 121 122 123 [0] 124 125 126 127 
2025-07-16T18:53:57.843950+00:00 ubuntu kernel: kvm-guest: PV spinlocks disabled, no host support
2025-07-16T18:53:57.843950+00:00 ubuntu kernel: Kernel command line: BOOT_IMAGE=/vmlinuz-6.8.0-60-generic root=LABEL=cloudimg-rootfs ro console=tty1 console=ttyS0
2025-07-16T18:53:57.843951+00:00 ubuntu kernel: Unknown kernel command line parameters "BOOT_IMAGE=/vmlinuz-6.8.0-60-generic", will be passed to user space.
2025-07-16T18:53:57.843951+00:00 ubuntu kernel: random: crng init done
2025-07-16T18:53:57.843951+00:00 ubuntu kernel: printk: log_buf_len individual max cpu contribution: 4096 bytes
2025-07-16T18:53:57.844035+00:00 ubuntu kernel: printk: log_buf_len total cpu_extra contributions: 520192 bytes
2025-07-16T18:53:57.844036+00:00 ubuntu kernel: printk: log_buf_len min size: 262144 bytes
2025-07-16T18:53:57.844036+00:00 ubuntu kernel: printk: log_buf_len: 1048576 bytes
2025-07-16T18:53:57.844036+00:00 ubuntu kernel: printk: early log buf free: 247544(94%)
2025-07-16T18:53:57.844037+00:00 ubuntu kernel: Dentry cache hash table entries: 2097152 (order: 12, 16777216 bytes, linear)
2025-07-16T18:53:57.844037+00:00 ubuntu kernel: Inode-cache hash table entries: 1048576 (order: 11, 8388608 bytes, linear)
2025-07-16T18:53:57.844041+00:00 ubuntu kernel: Fallback order for Node 0: 0 
2025-07-16T18:53:57.844042+00:00 ubuntu kernel: Built 1 zonelists, mobility grouping on.  Total pages: 3096283
2025-07-16T18:53:57.844042+00:00 ubuntu kernel: Policy zone: Normal
2025-07-16T18:53:57.844042+00:00 ubuntu kernel: mem auto-init: stack:all(zero), heap alloc:on, heap free:off
2025-07-16T18:53:57.844043+00:00 ubuntu kernel: software IO TLB: area num 128.
2025-07-16T18:53:57.844043+00:00 ubuntu kernel: Memory: 12163072K/12582372K available (22528K kernel code, 4439K rwdata, 14376K rodata, 4992K init, 4720K bss, 419040K reserved, 0K cma-reserved)
2025-07-16T18:53:57.844043+00:00 ubuntu kernel: SLUB: HWalign=64, Order=0-3, MinObjects=0, CPUs=128, Nodes=1
2025-07-16T18:53:57.844047+00:00 ubuntu kernel: ftrace: allocating 58162 entries in 228 pages
2025-07-16T18:53:57.844048+00:00 ubuntu kernel: ftrace: allocated 228 pages with 4 groups
2025-07-16T18:53:57.844048+00:00 ubuntu kernel: Dynamic Preempt: voluntary
2025-07-16T18:53:57.844049+00:00 ubuntu kernel: rcu: Preemptible hierarchical RCU implementation.
2025-07-16T18:53:57.844049+00:00 ubuntu kernel: rcu: 	RCU restricting CPUs from NR_CPUS=8192 to nr_cpu_ids=128.
2025-07-16T18:53:57.844049+00:00 ubuntu kernel: 	Trampoline variant of Tasks RCU enabled.
2025-07-16T18:53:57.844055+00:00 ubuntu kernel: 	Rude variant of Tasks RCU enabled.
2025-07-16T18:53:57.844056+00:00 ubuntu kernel: 	Tracing variant of Tasks RCU enabled.
2025-07-16T18:53:57.844056+00:00 ubuntu kernel: rcu: RCU calculated value of scheduler-enlistment delay is 100 jiffies.
2025-07-16T18:53:57.844056+00:00 ubuntu kernel: rcu: Adjusting geometry for rcu_fanout_leaf=16, nr_cpu_ids=128
2025-07-16T18:53:57.844057+00:00 ubuntu kernel: NR_IRQS: 524544, nr_irqs: 1448, preallocated irqs: 16
2025-07-16T18:53:57.844057+00:00 ubuntu kernel: rcu: srcu_init: Setting srcu_struct sizes to big.
2025-07-16T18:53:57.844061+00:00 ubuntu kernel: Console: colour VGA+ 80x25
2025-07-16T18:53:57.844062+00:00 ubuntu kernel: printk: legacy console [tty1] enabled
2025-07-16T18:53:57.844062+00:00 ubuntu kernel: printk: legacy console [ttyS0] enabled
2025-07-16T18:53:57.844062+00:00 ubuntu kernel: ACPI: Core revision 20230628
2025-07-16T18:53:57.844063+00:00 ubuntu kernel: clocksource: hpet: mask: 0xffffffff max_cycles: 0xffffffff, max_idle_ns: 19112604467 ns
2025-07-16T18:53:57.844063+00:00 ubuntu kernel: APIC: Switch to symmetric I/O mode setup
2025-07-16T18:53:57.844063+00:00 ubuntu kernel: x2apic enabled
2025-07-16T18:53:57.844067+00:00 ubuntu kernel: APIC: Switched APIC routing to: physical x2apic
2025-07-16T18:53:57.844068+00:00 ubuntu kernel: ..TIMER: vector=0x30 apic1=0 pin1=2 apic2=-1 pin2=-1
2025-07-16T18:53:57.844068+00:00 ubuntu kernel: tsc: Marking TSC unstable due to TSCs unsynchronized
2025-07-16T18:53:57.844068+00:00 ubuntu kernel: Calibrating delay loop (skipped) preset value.. 3992.50 BogoMIPS (lpj=1996250)
2025-07-16T18:53:57.844069+00:00 ubuntu kernel: x86/cpu: User Mode Instruction Prevention (UMIP) activated
2025-07-16T18:53:57.844069+00:00 ubuntu kernel: Last level iTLB entries: 4KB 512, 2MB 255, 4MB 127
2025-07-16T18:53:57.844073+00:00 ubuntu kernel: Last level dTLB entries: 4KB 512, 2MB 255, 4MB 127, 1GB 0
2025-07-16T18:53:57.844074+00:00 ubuntu kernel: Spectre V1 : Mitigation: usercopy/swapgs barriers and __user pointer sanitization
2025-07-16T18:53:57.844074+00:00 ubuntu kernel: Spectre V2 : Mitigation: Retpolines
2025-07-16T18:53:57.844074+00:00 ubuntu kernel: Spectre V2 : Spectre v2 / SpectreRSB mitigation: Filling RSB on context switch
2025-07-16T18:53:57.844075+00:00 ubuntu kernel: Spectre V2 : Spectre v2 / SpectreRSB : Filling RSB on VMEXIT
2025-07-16T18:53:57.844075+00:00 ubuntu kernel: Spectre V2 : Enabling Restricted Speculation for firmware calls
2025-07-16T18:53:57.844075+00:00 ubuntu kernel: Spectre V2 : mitigation: Enabling conditional Indirect Branch Prediction Barrier
2025-07-16T18:53:57.844079+00:00 ubuntu kernel: Spectre V2 : User space: Mitigation: STIBP always-on protection
2025-07-16T18:53:57.844080+00:00 ubuntu kernel: Speculative Store Bypass: Mitigation: Speculative Store Bypass disabled via prctl
2025-07-16T18:53:57.844080+00:00 ubuntu kernel: Speculative Return Stack Overflow: Mitigation: Safe RET
2025-07-16T18:53:57.844080+00:00 ubuntu kernel: x86/fpu: Supporting XSAVE feature 0x001: 'x87 floating point registers'
2025-07-16T18:53:57.844081+00:00 ubuntu kernel: x86/fpu: Supporting XSAVE feature 0x002: 'SSE registers'
2025-07-16T18:53:57.844081+00:00 ubuntu kernel: x86/fpu: Supporting XSAVE feature 0x004: 'AVX registers'
2025-07-16T18:53:57.844085+00:00 ubuntu kernel: x86/fpu: Supporting XSAVE feature 0x200: 'Protection Keys User registers'
2025-07-16T18:53:57.844085+00:00 ubuntu kernel: x86/fpu: xstate_offset[2]:  576, xstate_sizes[2]:  256
2025-07-16T18:53:57.844086+00:00 ubuntu kernel: x86/fpu: xstate_offset[9]:  832, xstate_sizes[9]:    8
2025-07-16T18:53:57.844086+00:00 ubuntu kernel: x86/fpu: Enabled xstate features 0x207, context size is 840 bytes, using 'compacted' format.
2025-07-16T18:53:57.844086+00:00 ubuntu kernel: Freeing SMP alternatives memory: 48K
2025-07-16T18:53:57.844087+00:00 ubuntu kernel: pid_max: default: 131072 minimum: 1024
2025-07-16T18:53:57.844091+00:00 ubuntu kernel: LSM: initializing lsm=lockdown,capability,landlock,yama,apparmor,integrity
2025-07-16T18:53:57.844091+00:00 ubuntu kernel: landlock: Up and running.
2025-07-16T18:53:57.844092+00:00 ubuntu kernel: Yama: becoming mindful.
2025-07-16T18:53:57.844092+00:00 ubuntu kernel: AppArmor: AppArmor initialized
2025-07-16T18:53:57.844092+00:00 ubuntu kernel: Mount-cache hash table entries: 32768 (order: 6, 262144 bytes, linear)
2025-07-16T18:53:57.844093+00:00 ubuntu kernel: Mountpoint-cache hash table entries: 32768 (order: 6, 262144 bytes, linear)
2025-07-16T18:53:57.844093+00:00 ubuntu kernel: smpboot: CPU0: AMD EPYC-Milan Processor (family: 0x19, model: 0x1, stepping: 0x1)
2025-07-16T18:53:57.844097+00:00 ubuntu kernel: RCU Tasks: Setting shift to 7 and lim to 1 rcu_task_cb_adjust=1 rcu_task_cpu_ids=128.
2025-07-16T18:53:57.844097+00:00 ubuntu kernel: RCU Tasks Rude: Setting shift to 7 and lim to 1 rcu_task_cb_adjust=1 rcu_task_cpu_ids=128.
2025-07-16T18:53:57.844098+00:00 ubuntu kernel: RCU Tasks Trace: Setting shift to 7 and lim to 1 rcu_task_cb_adjust=1 rcu_task_cpu_ids=128.
2025-07-16T18:53:57.844098+00:00 ubuntu kernel: Performance Events: Fam17h+ core perfctr, AMD PMU driver.
2025-07-16T18:53:57.844098+00:00 ubuntu kernel: ... version:                0
2025-07-16T18:53:57.844099+00:00 ubuntu kernel: ... bit width:              48
2025-07-16T18:53:57.844103+00:00 ubuntu kernel: ... generic registers:      6
2025-07-16T18:53:57.844103+00:00 ubuntu kernel: ... value mask:             0000ffffffffffff
2025-07-16T18:53:57.844104+00:00 ubuntu kernel: ... max period:             00007fffffffffff
2025-07-16T18:53:57.844104+00:00 ubuntu kernel: ... fixed-purpose events:   0
2025-07-16T18:53:57.844104+00:00 ubuntu kernel: ... event mask:             000000000000003f
2025-07-16T18:53:57.844105+00:00 ubuntu kernel: signal: max sigframe size: 3376
2025-07-16T18:53:57.844105+00:00 ubuntu kernel: rcu: Hierarchical SRCU implementation.
2025-07-16T18:53:57.844109+00:00 ubuntu kernel: rcu: 	Max phase no-delay instances is 400.
2025-07-16T18:53:57.844109+00:00 ubuntu kernel: smp: Bringing up secondary CPUs ...
2025-07-16T18:53:57.844110+00:00 ubuntu kernel: smpboot: x86: Booting SMP configuration:
2025-07-16T18:53:57.844110+00:00 ubuntu kernel: .... node  #0, CPUs:          #2   #4   #1   #3   #5
2025-07-16T18:53:57.844110+00:00 ubuntu kernel: Spectre V2 : Update user space SMT mitigation: STIBP always-on
2025-07-16T18:53:57.844111+00:00 ubuntu kernel: smp: Brought up 1 node, 6 CPUs
2025-07-16T18:53:57.844115+00:00 ubuntu kernel: smpboot: Max logical packages: 22
2025-07-16T18:53:57.844115+00:00 ubuntu kernel: smpboot: Total of 6 processors activated (23955.00 BogoMIPS)
2025-07-16T18:53:57.844116+00:00 ubuntu kernel: devtmpfs: initialized
2025-07-16T18:53:57.844116+00:00 ubuntu kernel: x86/mm: Memory block size: 128MB
2025-07-16T18:53:57.844116+00:00 ubuntu kernel: clocksource: jiffies: mask: 0xffffffff max_cycles: 0xffffffff, max_idle_ns: 1911260446275000 ns
2025-07-16T18:53:57.844116+00:00 ubuntu kernel: futex hash table entries: 32768 (order: 9, 2097152 bytes, linear)
2025-07-16T18:53:57.844121+00:00 ubuntu kernel: pinctrl core: initialized pinctrl subsystem
2025-07-16T18:53:57.844121+00:00 ubuntu kernel: PM: RTC time: 18:53:48, date: 2025-07-16
2025-07-16T18:53:57.844121+00:00 ubuntu kernel: NET: Registered PF_NETLINK/PF_ROUTE protocol family
2025-07-16T18:53:57.844122+00:00 ubuntu kernel: DMA: preallocated 2048 KiB GFP_KERNEL pool for atomic allocations
2025-07-16T18:53:57.844122+00:00 ubuntu kernel: DMA: preallocated 2048 KiB GFP_KERNEL|GFP_DMA pool for atomic allocations
2025-07-16T18:53:57.844122+00:00 ubuntu kernel: DMA: preallocated 2048 KiB GFP_KERNEL|GFP_DMA32 pool for atomic allocations
2025-07-16T18:53:57.844123+00:00 ubuntu kernel: audit: initializing netlink subsys (disabled)
2025-07-16T18:53:57.844127+00:00 ubuntu kernel: audit: type=2000 audit(1752692029.085:1): state=initialized audit_enabled=0 res=1
2025-07-16T18:53:57.844127+00:00 ubuntu kernel: thermal_sys: Registered thermal governor 'fair_share'
2025-07-16T18:53:57.844127+00:00 ubuntu kernel: thermal_sys: Registered thermal governor 'bang_bang'
2025-07-16T18:53:57.844128+00:00 ubuntu kernel: thermal_sys: Registered thermal governor 'step_wise'
2025-07-16T18:53:57.844128+00:00 ubuntu kernel: thermal_sys: Registered thermal governor 'user_space'
2025-07-16T18:53:57.844128+00:00 ubuntu kernel: thermal_sys: Registered thermal governor 'power_allocator'
2025-07-16T18:53:57.844132+00:00 ubuntu kernel: EISA bus registered
2025-07-16T18:53:57.844133+00:00 ubuntu kernel: cpuidle: using governor ladder
2025-07-16T18:53:57.844133+00:00 ubuntu kernel: cpuidle: using governor menu
2025-07-16T18:53:57.844134+00:00 ubuntu kernel: acpiphp: ACPI Hot Plug PCI Controller Driver version: 0.5
2025-07-16T18:53:57.844134+00:00 ubuntu kernel: PCI: Using configuration type 1 for base access
2025-07-16T18:53:57.844134+00:00 ubuntu kernel: PCI: Using configuration type 1 for extended access
2025-07-16T18:53:57.844134+00:00 ubuntu kernel: kprobes: kprobe jump-optimization is enabled. All kprobes are optimized if possible.
2025-07-16T18:53:57.844139+00:00 ubuntu kernel: HugeTLB: registered 1.00 GiB page size, pre-allocated 0 pages
2025-07-16T18:53:57.844139+00:00 ubuntu kernel: HugeTLB: 16380 KiB vmemmap can be freed for a 1.00 GiB page
2025-07-16T18:53:57.844139+00:00 ubuntu kernel: HugeTLB: registered 2.00 MiB page size, pre-allocated 0 pages
2025-07-16T18:53:57.844224+00:00 ubuntu kernel: HugeTLB: 28 KiB vmemmap can be freed for a 2.00 MiB page
2025-07-16T18:53:57.844224+00:00 ubuntu kernel: ACPI: Added _OSI(Module Device)
2025-07-16T18:53:57.844224+00:00 ubuntu kernel: ACPI: Added _OSI(Processor Device)
2025-07-16T18:53:57.844230+00:00 ubuntu kernel: ACPI: Added _OSI(3.0 _SCP Extensions)
2025-07-16T18:53:57.844231+00:00 ubuntu kernel: ACPI: Added _OSI(Processor Aggregator Device)
2025-07-16T18:53:57.844231+00:00 ubuntu kernel: ACPI: 1 ACPI AML tables successfully acquired and loaded
2025-07-16T18:53:57.844231+00:00 ubuntu kernel: ACPI: _OSC evaluation for CPUs failed, trying _PDC
2025-07-16T18:53:57.844232+00:00 ubuntu kernel: ACPI: Interpreter enabled
2025-07-16T18:53:57.844232+00:00 ubuntu kernel: ACPI: PM: (supports S0 S3 S4 S5)
2025-07-16T18:53:57.844236+00:00 ubuntu kernel: ACPI: Using IOAPIC for interrupt routing
2025-07-16T18:53:57.844237+00:00 ubuntu kernel: PCI: Using host bridge windows from ACPI; if necessary, use "pci=nocrs" and report a bug
2025-07-16T18:53:57.844237+00:00 ubuntu kernel: PCI: Using E820 reservations for host bridge windows
2025-07-16T18:53:57.844237+00:00 ubuntu kernel: ACPI: Enabled 3 GPEs in block 00 to 0F
2025-07-16T18:53:57.844238+00:00 ubuntu kernel: ACPI: PCI Root Bridge [PCI0] (domain 0000 [bus 00-ff])
2025-07-16T18:53:57.844238+00:00 ubuntu kernel: acpi PNP0A03:00: _OSC: OS supports [ExtendedConfig ASPM ClockPM Segments MSI EDR HPX-Type3]
2025-07-16T18:53:57.844238+00:00 ubuntu kernel: acpiphp: Slot [3] registered
2025-07-16T18:53:57.844242+00:00 ubuntu kernel: acpiphp: Slot [4] registered
2025-07-16T18:53:57.844243+00:00 ubuntu kernel: acpiphp: Slot [5] registered
2025-07-16T18:53:57.844243+00:00 ubuntu kernel: acpiphp: Slot [6] registered
2025-07-16T18:53:57.844243+00:00 ubuntu kernel: acpiphp: Slot [7] registered
2025-07-16T18:53:57.844244+00:00 ubuntu kernel: acpiphp: Slot [8] registered
2025-07-16T18:53:57.844244+00:00 ubuntu kernel: acpiphp: Slot [9] registered
2025-07-16T18:53:57.844248+00:00 ubuntu kernel: acpiphp: Slot [10] registered
2025-07-16T18:53:57.844248+00:00 ubuntu kernel: acpiphp: Slot [11] registered
2025-07-16T18:53:57.844249+00:00 ubuntu kernel: acpiphp: Slot [12] registered
2025-07-16T18:53:57.844249+00:00 ubuntu kernel: acpiphp: Slot [13] registered
2025-07-16T18:53:57.844249+00:00 ubuntu kernel: acpiphp: Slot [14] registered
2025-07-16T18:53:57.844250+00:00 ubuntu kernel: acpiphp: Slot [15] registered
2025-07-16T18:53:57.844250+00:00 ubuntu kernel: acpiphp: Slot [16] registered
2025-07-16T18:53:57.844254+00:00 ubuntu kernel: acpiphp: Slot [17] registered
2025-07-16T18:53:57.844254+00:00 ubuntu kernel: acpiphp: Slot [18] registered
2025-07-16T18:53:57.844255+00:00 ubuntu kernel: acpiphp: Slot [19] registered
2025-07-16T18:53:57.844255+00:00 ubuntu kernel: acpiphp: Slot [20] registered
2025-07-16T18:53:57.844255+00:00 ubuntu kernel: acpiphp: Slot [21] registered
2025-07-16T18:53:57.844256+00:00 ubuntu kernel: acpiphp: Slot [22] registered
2025-07-16T18:53:57.844260+00:00 ubuntu kernel: acpiphp: Slot [23] registered
2025-07-16T18:53:57.844260+00:00 ubuntu kernel: acpiphp: Slot [24] registered
2025-07-16T18:53:57.844260+00:00 ubuntu kernel: acpiphp: Slot [25] registered
2025-07-16T18:53:57.844261+00:00 ubuntu kernel: acpiphp: Slot [26] registered
2025-07-16T18:53:57.844261+00:00 ubuntu kernel: acpiphp: Slot [27] registered
2025-07-16T18:53:57.844261+00:00 ubuntu kernel: acpiphp: Slot [28] registered
2025-07-16T18:53:57.844270+00:00 ubuntu kernel: acpiphp: Slot [29] registered
2025-07-16T18:53:57.844270+00:00 ubuntu kernel: acpiphp: Slot [30] registered
2025-07-16T18:53:57.844270+00:00 ubuntu kernel: acpiphp: Slot [31] registered
2025-07-16T18:53:57.844271+00:00 ubuntu kernel: PCI host bridge to bus 0000:00
2025-07-16T18:53:57.844271+00:00 ubuntu kernel: pci_bus 0000:00: root bus resource [io  0x0000-0x0cf7 window]
2025-07-16T18:53:57.844271+00:00 ubuntu kernel: pci_bus 0000:00: root bus resource [io  0x0d00-0xffff window]
2025-07-16T18:53:57.844272+00:00 ubuntu kernel: pci_bus 0000:00: root bus resource [mem 0x000a0000-0x000bffff window]
2025-07-16T18:53:57.844276+00:00 ubuntu kernel: pci_bus 0000:00: root bus resource [mem 0xc0000000-0xfebfffff window]
2025-07-16T18:53:57.844277+00:00 ubuntu kernel: pci_bus 0000:00: root bus resource [mem 0x7d40000000-0x7dbfffffff window]
2025-07-16T18:53:57.844277+00:00 ubuntu kernel: pci_bus 0000:00: root bus resource [bus 00-ff]
2025-07-16T18:53:57.844278+00:00 ubuntu kernel: pci 0000:00:00.0: [8086:1237] type 00 class 0x060000 conventional PCI endpoint
2025-07-16T18:53:57.844278+00:00 ubuntu kernel: pci 0000:00:01.0: [8086:7000] type 00 class 0x060100 conventional PCI endpoint
2025-07-16T18:53:57.844278+00:00 ubuntu kernel: pci 0000:00:01.1: [8086:7010] type 00 class 0x010180 conventional PCI endpoint
2025-07-16T18:53:57.844282+00:00 ubuntu kernel: pci 0000:00:01.1: BAR 4 [io  0xc100-0xc10f]
2025-07-16T18:53:57.844283+00:00 ubuntu kernel: pci 0000:00:01.1: BAR 0 [io  0x01f0-0x01f7]: legacy IDE quirk
2025-07-16T18:53:57.844283+00:00 ubuntu kernel: pci 0000:00:01.1: BAR 1 [io  0x03f6]: legacy IDE quirk
2025-07-16T18:53:57.844283+00:00 ubuntu kernel: pci 0000:00:01.1: BAR 2 [io  0x0170-0x0177]: legacy IDE quirk
2025-07-16T18:53:57.844284+00:00 ubuntu kernel: pci 0000:00:01.1: BAR 3 [io  0x0376]: legacy IDE quirk
2025-07-16T18:53:57.844284+00:00 ubuntu kernel: pci 0000:00:01.2: [8086:7020] type 00 class 0x0c0300 conventional PCI endpoint
2025-07-16T18:53:57.844284+00:00 ubuntu kernel: pci 0000:00:01.2: BAR 4 [io  0xc080-0xc09f]
2025-07-16T18:53:57.844288+00:00 ubuntu kernel: pci 0000:00:01.3: [8086:7113] type 00 class 0x068000 conventional PCI endpoint
2025-07-16T18:53:57.844289+00:00 ubuntu kernel: pci 0000:00:01.3: quirk: [io  0x0600-0x063f] claimed by PIIX4 ACPI
2025-07-16T18:53:57.844289+00:00 ubuntu kernel: pci 0000:00:01.3: quirk: [io  0x0700-0x070f] claimed by PIIX4 SMB
2025-07-16T18:53:57.844292+00:00 ubuntu kernel: pci 0000:00:02.0: [1b36:0100] type 00 class 0x030000 conventional PCI endpoint
2025-07-16T18:53:57.844292+00:00 ubuntu kernel: pci 0000:00:02.0: BAR 0 [mem 0xf4000000-0xf7ffffff]
2025-07-16T18:53:57.844293+00:00 ubuntu kernel: pci 0000:00:02.0: BAR 1 [mem 0xf8000000-0xfbffffff]
2025-07-16T18:53:57.844297+00:00 ubuntu kernel: pci 0000:00:02.0: BAR 2 [mem 0xfc050000-0xfc051fff]
2025-07-16T18:53:57.844297+00:00 ubuntu kernel: pci 0000:00:02.0: BAR 3 [io  0xc0a0-0xc0bf]
2025-07-16T18:53:57.844298+00:00 ubuntu kernel: pci 0000:00:02.0: ROM [mem 0xfc040000-0xfc04ffff pref]
2025-07-16T18:53:57.844298+00:00 ubuntu kernel: pci 0000:00:02.0: Video device with shadowed ROM at [mem 0x000c0000-0x000dffff]
2025-07-16T18:53:57.844298+00:00 ubuntu kernel: pci 0000:00:03.0: [1af4:1005] type 00 class 0x00ff00 conventional PCI endpoint
2025-07-16T18:53:57.844298+00:00 ubuntu kernel: pci 0000:00:03.0: BAR 0 [io  0xc0c0-0xc0df]
2025-07-16T18:53:57.844303+00:00 ubuntu kernel: pci 0000:00:03.0: BAR 4 [mem 0xfebf4000-0xfebf7fff 64bit pref]
2025-07-16T18:53:57.844303+00:00 ubuntu kernel: pci 0000:00:05.0: [1af4:1001] type 00 class 0x010000 conventional PCI endpoint
2025-07-16T18:53:57.844303+00:00 ubuntu kernel: pci 0000:00:05.0: BAR 0 [io  0xc000-0xc07f]
2025-07-16T18:53:57.844304+00:00 ubuntu kernel: pci 0000:00:05.0: BAR 1 [mem 0xfc052000-0xfc052fff]
2025-07-16T18:53:57.844304+00:00 ubuntu kernel: pci 0000:00:05.0: BAR 4 [mem 0xfebf8000-0xfebfbfff 64bit pref]
2025-07-16T18:53:57.844304+00:00 ubuntu kernel: pci 0000:00:06.0: [1af4:1000] type 00 class 0x020000 conventional PCI endpoint
2025-07-16T18:53:57.844304+00:00 ubuntu kernel: pci 0000:00:06.0: BAR 0 [io  0xc0e0-0xc0ff]
2025-07-16T18:53:57.844309+00:00 ubuntu kernel: pci 0000:00:06.0: BAR 1 [mem 0xfc053000-0xfc053fff]
2025-07-16T18:53:57.844309+00:00 ubuntu kernel: pci 0000:00:06.0: BAR 4 [mem 0xfebfc000-0xfebfffff 64bit pref]
2025-07-16T18:53:57.844309+00:00 ubuntu kernel: pci 0000:00:06.0: ROM [mem 0xfc000000-0xfc03ffff pref]
2025-07-16T18:53:57.844310+00:00 ubuntu kernel: ACPI: PCI: Interrupt link LNKA configured for IRQ 10
2025-07-16T18:53:57.844310+00:00 ubuntu kernel: ACPI: PCI: Interrupt link LNKB configured for IRQ 10
2025-07-16T18:53:57.844310+00:00 ubuntu kernel: ACPI: PCI: Interrupt link LNKC configured for IRQ 11
2025-07-16T18:53:57.844314+00:00 ubuntu kernel: ACPI: PCI: Interrupt link LNKD configured for IRQ 11
2025-07-16T18:53:57.844315+00:00 ubuntu kernel: ACPI: PCI: Interrupt link LNKS configured for IRQ 9
2025-07-16T18:53:57.844315+00:00 ubuntu kernel: iommu: Default domain type: Translated
2025-07-16T18:53:57.844315+00:00 ubuntu kernel: iommu: DMA domain TLB invalidation policy: lazy mode
2025-07-16T18:53:57.844316+00:00 ubuntu kernel: SCSI subsystem initialized
2025-07-16T18:53:57.844316+00:00 ubuntu kernel: libata version 3.00 loaded.
2025-07-16T18:53:57.844316+00:00 ubuntu kernel: ACPI: bus type USB registered
2025-07-16T18:53:57.844322+00:00 ubuntu kernel: usbcore: registered new interface driver usbfs
2025-07-16T18:53:57.844323+00:00 ubuntu kernel: usbcore: registered new interface driver hub
2025-07-16T18:53:57.844323+00:00 ubuntu kernel: usbcore: registered new device driver usb
2025-07-16T18:53:57.844323+00:00 ubuntu kernel: pps_core: LinuxPPS API ver. 1 registered
2025-07-16T18:53:57.844324+00:00 ubuntu kernel: pps_core: Software ver. 5.3.6 - Copyright 2005-2007 Rodolfo Giometti <giometti@linux.it>
2025-07-16T18:53:57.844324+00:00 ubuntu kernel: PTP clock support registered
2025-07-16T18:53:57.844328+00:00 ubuntu kernel: EDAC MC: Ver: 3.0.0
2025-07-16T18:53:57.844329+00:00 ubuntu kernel: NetLabel: Initializing
2025-07-16T18:53:57.844329+00:00 ubuntu kernel: NetLabel:  domain hash size = 128
2025-07-16T18:53:57.844330+00:00 ubuntu kernel: NetLabel:  protocols = UNLABELED CIPSOv4 CALIPSO
2025-07-16T18:53:57.844330+00:00 ubuntu kernel: NetLabel:  unlabeled traffic allowed by default
2025-07-16T18:53:57.844330+00:00 ubuntu kernel: mctp: management component transport protocol core
2025-07-16T18:53:57.844334+00:00 ubuntu kernel: NET: Registered PF_MCTP protocol family
2025-07-16T18:53:57.844335+00:00 ubuntu kernel: PCI: Using ACPI for IRQ routing
2025-07-16T18:53:57.844335+00:00 ubuntu kernel: PCI: pci_cache_line_size set to 64 bytes
2025-07-16T18:53:57.844335+00:00 ubuntu kernel: e820: reserve RAM buffer [mem 0x0009fc00-0x0009ffff]
2025-07-16T18:53:57.844335+00:00 ubuntu kernel: e820: reserve RAM buffer [mem 0xbffdb000-0xbfffffff]
2025-07-16T18:53:57.844336+00:00 ubuntu kernel: pci 0000:00:02.0: vgaarb: setting as boot VGA device
2025-07-16T18:53:57.844336+00:00 ubuntu kernel: pci 0000:00:02.0: vgaarb: bridge control possible
2025-07-16T18:53:57.844340+00:00 ubuntu kernel: pci 0000:00:02.0: vgaarb: VGA device added: decodes=io+mem,owns=io+mem,locks=none
2025-07-16T18:53:57.844341+00:00 ubuntu kernel: vgaarb: loaded
2025-07-16T18:53:57.844341+00:00 ubuntu kernel: hpet0: at MMIO 0xfed00000, IRQs 2, 8, 0
2025-07-16T18:53:57.844341+00:00 ubuntu kernel: hpet0: 3 comparators, 64-bit 100.000000 MHz counter
2025-07-16T18:53:57.844342+00:00 ubuntu kernel: clocksource: Switched to clocksource kvm-clock
2025-07-16T18:53:57.844342+00:00 ubuntu kernel: VFS: Disk quotas dquot_6.6.0
2025-07-16T18:53:57.844346+00:00 ubuntu kernel: VFS: Dquot-cache hash table entries: 512 (order 0, 4096 bytes)
2025-07-16T18:53:57.844346+00:00 ubuntu kernel: AppArmor: AppArmor Filesystem Enabled
2025-07-16T18:53:57.844347+00:00 ubuntu kernel: pnp: PnP ACPI init
2025-07-16T18:53:57.844347+00:00 ubuntu kernel: pnp 00:03: [dma 2]
2025-07-16T18:53:57.844347+00:00 ubuntu kernel: pnp: PnP ACPI: found 5 devices
2025-07-16T18:53:57.844348+00:00 ubuntu kernel: clocksource: acpi_pm: mask: 0xffffff max_cycles: 0xffffff, max_idle_ns: 2085701024 ns
2025-07-16T18:53:57.844348+00:00 ubuntu kernel: NET: Registered PF_INET protocol family
2025-07-16T18:53:57.844432+00:00 ubuntu kernel: IP idents hash table entries: 262144 (order: 9, 2097152 bytes, linear)
2025-07-16T18:53:57.844432+00:00 ubuntu kernel: tcp_listen_portaddr_hash hash table entries: 8192 (order: 5, 131072 bytes, linear)
2025-07-16T18:53:57.844432+00:00 ubuntu kernel: Table-perturb hash table entries: 65536 (order: 6, 262144 bytes, linear)
2025-07-16T18:53:57.844433+00:00 ubuntu kernel: TCP established hash table entries: 131072 (order: 8, 1048576 bytes, linear)
2025-07-16T18:53:57.844433+00:00 ubuntu kernel: TCP bind hash table entries: 65536 (order: 9, 2097152 bytes, linear)
2025-07-16T18:53:57.844433+00:00 ubuntu kernel: TCP: Hash tables configured (established 131072 bind 65536)
2025-07-16T18:53:57.844438+00:00 ubuntu kernel: MPTCP token hash table entries: 16384 (order: 6, 393216 bytes, linear)
2025-07-16T18:53:57.844438+00:00 ubuntu kernel: UDP hash table entries: 8192 (order: 6, 262144 bytes, linear)
2025-07-16T18:53:57.844438+00:00 ubuntu kernel: UDP-Lite hash table entries: 8192 (order: 6, 262144 bytes, linear)
2025-07-16T18:53:57.844439+00:00 ubuntu kernel: NET: Registered PF_UNIX/PF_LOCAL protocol family
2025-07-16T18:53:57.844439+00:00 ubuntu kernel: NET: Registered PF_XDP protocol family
2025-07-16T18:53:57.844439+00:00 ubuntu kernel: pci_bus 0000:00: resource 4 [io  0x0000-0x0cf7 window]
2025-07-16T18:53:57.844443+00:00 ubuntu kernel: pci_bus 0000:00: resource 5 [io  0x0d00-0xffff window]
2025-07-16T18:53:57.844444+00:00 ubuntu kernel: pci_bus 0000:00: resource 6 [mem 0x000a0000-0x000bffff window]
2025-07-16T18:53:57.844444+00:00 ubuntu kernel: pci_bus 0000:00: resource 7 [mem 0xc0000000-0xfebfffff window]
2025-07-16T18:53:57.844444+00:00 ubuntu kernel: pci_bus 0000:00: resource 8 [mem 0x7d40000000-0x7dbfffffff window]
2025-07-16T18:53:57.844445+00:00 ubuntu kernel: pci 0000:00:01.0: PIIX3: Enabling Passive Release
2025-07-16T18:53:57.844445+00:00 ubuntu kernel: pci 0000:00:00.0: Limiting direct PCI/PCI transfers
2025-07-16T18:53:57.844445+00:00 ubuntu kernel: ACPI: \_SB_.LNKD: Enabled at IRQ 11
2025-07-16T18:53:57.844449+00:00 ubuntu kernel: pci 0000:00:01.2: quirk_usb_early_handoff+0x0/0x190 took 96916 usecs
2025-07-16T18:53:57.844450+00:00 ubuntu kernel: PCI: CLS 0 bytes, default 64
2025-07-16T18:53:57.844450+00:00 ubuntu kernel: PCI-DMA: Using software bounce buffering for IO (SWIOTLB)
2025-07-16T18:53:57.844450+00:00 ubuntu kernel: Trying to unpack rootfs image as initramfs...
2025-07-16T18:53:57.844451+00:00 ubuntu kernel: software IO TLB: mapped [mem 0x00000000bbfdb000-0x00000000bffdb000] (64MB)
2025-07-16T18:53:57.844451+00:00 ubuntu kernel: Initialise system trusted keyrings
2025-07-16T18:53:57.844455+00:00 ubuntu kernel: Key type blacklist registered
2025-07-16T18:53:57.844456+00:00 ubuntu kernel: workingset: timestamp_bits=36 max_order=22 bucket_order=0
2025-07-16T18:53:57.844456+00:00 ubuntu kernel: zbud: loaded
2025-07-16T18:53:57.844456+00:00 ubuntu kernel: squashfs: version 4.0 (2009/01/31) Phillip Lougher
2025-07-16T18:53:57.844457+00:00 ubuntu kernel: fuse: init (API version 7.39)
2025-07-16T18:53:57.844457+00:00 ubuntu kernel: integrity: Platform Keyring initialized
2025-07-16T18:53:57.844457+00:00 ubuntu kernel: integrity: Machine keyring initialized
2025-07-16T18:53:57.844461+00:00 ubuntu kernel: Key type asymmetric registered
2025-07-16T18:53:57.844462+00:00 ubuntu kernel: Asymmetric key parser 'x509' registered
2025-07-16T18:53:57.844462+00:00 ubuntu kernel: Block layer SCSI generic (bsg) driver version 0.4 loaded (major 243)
2025-07-16T18:53:57.844462+00:00 ubuntu kernel: io scheduler mq-deadline registered
2025-07-16T18:53:57.844463+00:00 ubuntu kernel: shpchp: Standard Hot Plug PCI Controller Driver version: 0.4
2025-07-16T18:53:57.844463+00:00 ubuntu kernel: input: Power Button as /devices/LNXSYSTM:00/LNXPWRBN:00/input/input0
2025-07-16T18:53:57.844467+00:00 ubuntu kernel: ACPI: button: Power Button [PWRF]
2025-07-16T18:53:57.844467+00:00 ubuntu kernel: Freeing initrd memory: 27732K
2025-07-16T18:53:57.844468+00:00 ubuntu kernel: ACPI: \_SB_.LNKC: Enabled at IRQ 10
2025-07-16T18:53:57.844468+00:00 ubuntu kernel: ACPI: \_SB_.LNKA: Enabled at IRQ 10
2025-07-16T18:53:57.844468+00:00 ubuntu kernel: ACPI: \_SB_.LNKB: Enabled at IRQ 11
2025-07-16T18:53:57.844469+00:00 ubuntu kernel: Serial: 8250/16550 driver, 32 ports, IRQ sharing enabled
2025-07-16T18:53:57.855555+00:00 ubuntu kernel: 00:00: ttyS0 at I/O 0x3f8 (irq = 4, base_baud = 115200) is a 16550A
2025-07-16T18:53:57.855812+00:00 ubuntu kernel: Linux agpgart interface v0.103
2025-07-16T18:53:57.855814+00:00 ubuntu kernel: loop: module loaded
2025-07-16T18:53:57.855815+00:00 ubuntu kernel: virtio_blk virtio1: 3/0/0 default/read/poll queues
2025-07-16T18:53:57.855815+00:00 ubuntu kernel: virtio_blk virtio1: [vda] 754974720 512-byte logical blocks (387 GB/360 GiB)
2025-07-16T18:53:57.855816+00:00 ubuntu kernel: GPT:Primary header thinks Alt. header is not at the end of the disk.
2025-07-16T18:53:57.855816+00:00 ubuntu kernel: GPT:9437183 != 754974719
2025-07-16T18:53:57.855825+00:00 ubuntu kernel: GPT:Alternate GPT header not at the end of the disk.
2025-07-16T18:53:57.855826+00:00 ubuntu kernel: GPT:9437183 != 754974719
2025-07-16T18:53:57.855826+00:00 ubuntu kernel: GPT: Use GNU Parted to correct GPT errors.
2025-07-16T18:53:57.855827+00:00 ubuntu kernel:  vda: vda1 vda14 vda15 vda16
2025-07-16T18:53:57.855827+00:00 ubuntu kernel: ata_piix 0000:00:01.1: version 2.13
2025-07-16T18:53:57.855827+00:00 ubuntu kernel: scsi host0: ata_piix
2025-07-16T18:53:57.855835+00:00 ubuntu kernel: scsi host1: ata_piix
2025-07-16T18:53:57.855836+00:00 ubuntu kernel: ata1: PATA max MWDMA2 cmd 0x1f0 ctl 0x3f6 bmdma 0xc100 irq 14 lpm-pol 0
2025-07-16T18:53:57.855837+00:00 ubuntu kernel: ata2: PATA max MWDMA2 cmd 0x170 ctl 0x376 bmdma 0xc108 irq 15 lpm-pol 0
2025-07-16T18:53:57.855837+00:00 ubuntu kernel: ACPI: bus type drm_connector registered
2025-07-16T18:53:57.855837+00:00 ubuntu kernel: tun: Universal TUN/TAP device driver, 1.6
2025-07-16T18:53:57.855838+00:00 ubuntu kernel: PPP generic driver version 2.4.2
2025-07-16T18:53:57.855838+00:00 ubuntu kernel: uhci_hcd 0000:00:01.2: UHCI Host Controller
2025-07-16T18:53:57.855842+00:00 ubuntu kernel: uhci_hcd 0000:00:01.2: new USB bus registered, assigned bus number 1
2025-07-16T18:53:57.855843+00:00 ubuntu kernel: uhci_hcd 0000:00:01.2: detected 2 ports
2025-07-16T18:53:57.855845+00:00 ubuntu kernel: uhci_hcd 0000:00:01.2: irq 11, io port 0x0000c080
2025-07-16T18:53:57.855845+00:00 ubuntu kernel: usb usb1: New USB device found, idVendor=1d6b, idProduct=0001, bcdDevice= 6.08
2025-07-16T18:53:57.855846+00:00 ubuntu kernel: usb usb1: New USB device strings: Mfr=3, Product=2, SerialNumber=1
2025-07-16T18:53:57.855846+00:00 ubuntu kernel: usb usb1: Product: UHCI Host Controller
2025-07-16T18:53:57.855850+00:00 ubuntu kernel: usb usb1: Manufacturer: Linux 6.8.0-60-generic uhci_hcd
2025-07-16T18:53:57.855874+00:00 ubuntu kernel: usb usb1: SerialNumber: 0000:00:01.2
2025-07-16T18:53:57.855874+00:00 ubuntu kernel: hub 1-0:1.0: USB hub found
2025-07-16T18:53:57.855875+00:00 ubuntu kernel: hub 1-0:1.0: 2 ports detected
2025-07-16T18:53:57.855875+00:00 ubuntu kernel: i8042: PNP: PS/2 Controller [PNP0303:KBD,PNP0f13:MOU] at 0x60,0x64 irq 1,12
2025-07-16T18:53:57.855875+00:00 ubuntu kernel: serio: i8042 KBD port at 0x60,0x64 irq 1
2025-07-16T18:53:57.855881+00:00 ubuntu kernel: serio: i8042 AUX port at 0x60,0x64 irq 12
2025-07-16T18:53:57.855881+00:00 ubuntu kernel: mousedev: PS/2 mouse device common for all mice
2025-07-16T18:53:57.855881+00:00 ubuntu kernel: rtc_cmos 00:04: RTC can wake from S4
2025-07-16T18:53:57.855882+00:00 ubuntu kernel: rtc_cmos 00:04: registered as rtc0
2025-07-16T18:53:57.855882+00:00 ubuntu kernel: input: AT Translated Set 2 keyboard as /devices/platform/i8042/serio0/input/input1
2025-07-16T18:53:57.855882+00:00 ubuntu kernel: rtc_cmos 00:04: setting system clock to 2025-07-16T18:53:49 UTC (1752692029)
2025-07-16T18:53:57.855882+00:00 ubuntu kernel: rtc_cmos 00:04: alarms up to one day, y3k, 242 bytes nvram, hpet irqs
2025-07-16T18:53:57.855887+00:00 ubuntu kernel: i2c_dev: i2c /dev entries driver
2025-07-16T18:53:57.855887+00:00 ubuntu kernel: device-mapper: core: CONFIG_IMA_DISABLE_HTABLE is disabled. Duplicate IMA measurements will not be recorded in the IMA log.
2025-07-16T18:53:57.855888+00:00 ubuntu kernel: device-mapper: uevent: version 1.0.3
2025-07-16T18:53:57.855888+00:00 ubuntu kernel: device-mapper: ioctl: 4.48.0-ioctl (2023-03-01) initialised: dm-devel@redhat.com
2025-07-16T18:53:57.855888+00:00 ubuntu kernel: platform eisa.0: Probing EISA bus 0
2025-07-16T18:53:57.855888+00:00 ubuntu kernel: platform eisa.0: EISA: Cannot allocate resource for mainboard
2025-07-16T18:53:57.855893+00:00 ubuntu kernel: platform eisa.0: Cannot allocate resource for EISA slot 1
2025-07-16T18:53:57.855893+00:00 ubuntu kernel: platform eisa.0: Cannot allocate resource for EISA slot 2
2025-07-16T18:53:57.855894+00:00 ubuntu kernel: platform eisa.0: Cannot allocate resource for EISA slot 3
2025-07-16T18:53:57.855894+00:00 ubuntu kernel: platform eisa.0: Cannot allocate resource for EISA slot 4
2025-07-16T18:53:57.855894+00:00 ubuntu kernel: platform eisa.0: Cannot allocate resource for EISA slot 5
2025-07-16T18:53:57.855895+00:00 ubuntu kernel: platform eisa.0: Cannot allocate resource for EISA slot 6
2025-07-16T18:53:57.855899+00:00 ubuntu kernel: platform eisa.0: Cannot allocate resource for EISA slot 7
2025-07-16T18:53:57.855899+00:00 ubuntu kernel: platform eisa.0: Cannot allocate resource for EISA slot 8
2025-07-16T18:53:57.855899+00:00 ubuntu kernel: platform eisa.0: EISA: Detected 0 cards
2025-07-16T18:53:57.855900+00:00 ubuntu kernel: amd_pstate: the _CPC object is not present in SBIOS or ACPI disabled
2025-07-16T18:53:57.855900+00:00 ubuntu kernel: ledtrig-cpu: registered to indicate activity on CPUs
2025-07-16T18:53:57.855900+00:00 ubuntu kernel: drop_monitor: Initializing network drop monitor service
2025-07-16T18:53:57.855901+00:00 ubuntu kernel: NET: Registered PF_INET6 protocol family
2025-07-16T18:53:57.855905+00:00 ubuntu kernel: Segment Routing with IPv6
2025-07-16T18:53:57.855905+00:00 ubuntu kernel: In-situ OAM (IOAM) with IPv6
2025-07-16T18:53:57.855906+00:00 ubuntu kernel: NET: Registered PF_PACKET protocol family
2025-07-16T18:53:57.855906+00:00 ubuntu kernel: Key type dns_resolver registered
2025-07-16T18:53:57.855906+00:00 ubuntu kernel: IPI shorthand broadcast: enabled
2025-07-16T18:53:57.855907+00:00 ubuntu kernel: sched_clock: Marking stable (1246005655, 244649799)->(1497137101, -6481647)
2025-07-16T18:53:57.855911+00:00 ubuntu kernel: registered taskstats version 1
2025-07-16T18:53:57.855911+00:00 ubuntu kernel: Loading compiled-in X.509 certificates
2025-07-16T18:53:57.855911+00:00 ubuntu kernel: Loaded X.509 cert 'Build time autogenerated kernel key: 027a94c2856b4187ba6dc668090aa0eefdaa3927'
2025-07-16T18:53:57.855912+00:00 ubuntu kernel: Loaded X.509 cert 'Canonical Ltd. Live Patch Signing: 14df34d1a87cf37625abec039ef2bf521249b969'
2025-07-16T18:53:57.855912+00:00 ubuntu kernel: Loaded X.509 cert 'Canonical Ltd. Kernel Module Signing: 88f752e560a1e0737e31163a466ad7b70a850c19'
2025-07-16T18:53:57.855912+00:00 ubuntu kernel: blacklist: Loading compiled-in revocation X.509 certificates
2025-07-16T18:53:57.855913+00:00 ubuntu kernel: Loaded X.509 cert 'Canonical Ltd. Secure Boot Signing: 61482aa2830d0ab2ad5af10b7250da9033ddcef0'
2025-07-16T18:53:57.855995+00:00 ubuntu kernel: Loaded X.509 cert 'Canonical Ltd. Secure Boot Signing (2017): 242ade75ac4a15e50d50c84b0d45ff3eae707a03'
2025-07-16T18:53:57.855995+00:00 ubuntu kernel: Loaded X.509 cert 'Canonical Ltd. Secure Boot Signing (ESM 2018): 365188c1d374d6b07c3c8f240f8ef722433d6a8b'
2025-07-16T18:53:57.855995+00:00 ubuntu kernel: Loaded X.509 cert 'Canonical Ltd. Secure Boot Signing (2019): c0746fd6c5da3ae827864651ad66ae47fe24b3e8'
2025-07-16T18:53:57.855996+00:00 ubuntu kernel: Loaded X.509 cert 'Canonical Ltd. Secure Boot Signing (2021 v1): a8d54bbb3825cfb94fa13c9f8a594a195c107b8d'
2025-07-16T18:53:57.855996+00:00 ubuntu kernel: Loaded X.509 cert 'Canonical Ltd. Secure Boot Signing (2021 v2): 4cf046892d6fd3c9a5b03f98d845f90851dc6a8c'
2025-07-16T18:53:57.856000+00:00 ubuntu kernel: Loaded X.509 cert 'Canonical Ltd. Secure Boot Signing (2021 v3): 100437bb6de6e469b581e61cd66bce3ef4ed53af'
2025-07-16T18:53:57.856001+00:00 ubuntu kernel: Loaded X.509 cert 'Canonical Ltd. Secure Boot Signing (Ubuntu Core 2019): c1d57b8f6b743f23ee41f4f7ee292f06eecadfb9'
2025-07-16T18:53:57.856001+00:00 ubuntu kernel: Key type .fscrypt registered
2025-07-16T18:53:57.856001+00:00 ubuntu kernel: Key type fscrypt-provisioning registered
2025-07-16T18:53:57.856002+00:00 ubuntu kernel: cryptd: max_cpu_qlen set to 1000
2025-07-16T18:53:57.856002+00:00 ubuntu kernel: AVX2 version of gcm_enc/dec engaged.
2025-07-16T18:53:57.856006+00:00 ubuntu kernel: AES CTR mode by8 optimization enabled
2025-07-16T18:53:57.856007+00:00 ubuntu kernel: Key type encrypted registered
2025-07-16T18:53:57.856007+00:00 ubuntu kernel: AppArmor: AppArmor sha256 policy hashing enabled
2025-07-16T18:53:57.856007+00:00 ubuntu kernel: ima: No TPM chip found, activating TPM-bypass!
2025-07-16T18:53:57.856008+00:00 ubuntu kernel: Loading compiled-in module X.509 certificates
2025-07-16T18:53:57.856008+00:00 ubuntu kernel: Loaded X.509 cert 'Build time autogenerated kernel key: 027a94c2856b4187ba6dc668090aa0eefdaa3927'
2025-07-16T18:53:57.856012+00:00 ubuntu kernel: ima: Allocated hash algorithm: sha256
2025-07-16T18:53:57.856013+00:00 ubuntu kernel: ima: No architecture policies found
2025-07-16T18:53:57.856013+00:00 ubuntu kernel: evm: Initialising EVM extended attributes:
2025-07-16T18:53:57.856013+00:00 ubuntu kernel: evm: security.selinux
2025-07-16T18:53:57.856014+00:00 ubuntu kernel: evm: security.SMACK64
2025-07-16T18:53:57.856014+00:00 ubuntu kernel: evm: security.SMACK64EXEC
2025-07-16T18:53:57.856014+00:00 ubuntu kernel: evm: security.SMACK64TRANSMUTE
2025-07-16T18:53:57.856018+00:00 ubuntu kernel: evm: security.SMACK64MMAP
2025-07-16T18:53:57.856019+00:00 ubuntu kernel: evm: security.apparmor
2025-07-16T18:53:57.856019+00:00 ubuntu kernel: evm: security.ima
2025-07-16T18:53:57.856019+00:00 ubuntu kernel: evm: security.capability
2025-07-16T18:53:57.856020+00:00 ubuntu kernel: evm: HMAC attrs: 0x1
2025-07-16T18:53:57.856020+00:00 ubuntu kernel: PM:   Magic number: 1:458:898
2025-07-16T18:53:57.856024+00:00 ubuntu kernel: RAS: Correctable Errors collector initialized.
2025-07-16T18:53:57.856025+00:00 ubuntu kernel: clk: Disabling unused clocks
2025-07-16T18:53:57.856025+00:00 ubuntu kernel: Freeing unused decrypted memory: 2028K
2025-07-16T18:53:57.856025+00:00 ubuntu kernel: Freeing unused kernel image (initmem) memory: 4992K
2025-07-16T18:53:57.856026+00:00 ubuntu kernel: Write protecting the kernel read-only data: 38912k
2025-07-16T18:53:57.856026+00:00 ubuntu kernel: Freeing unused kernel image (rodata/data gap) memory: 2008K
2025-07-16T18:53:57.856026+00:00 ubuntu kernel: x86/mm: Checked W+X mappings: passed, no W+X pages found.
2025-07-16T18:53:57.856033+00:00 ubuntu kernel: Run /init as init process
2025-07-16T18:53:57.856033+00:00 ubuntu kernel:   with arguments:
2025-07-16T18:53:57.856034+00:00 ubuntu kernel:     /init
2025-07-16T18:53:57.856034+00:00 ubuntu kernel:   with environment:
2025-07-16T18:53:57.856035+00:00 ubuntu kernel:     HOME=/
2025-07-16T18:53:57.856035+00:00 ubuntu kernel:     TERM=linux
2025-07-16T18:53:57.856039+00:00 ubuntu kernel:     BOOT_IMAGE=/vmlinuz-6.8.0-60-generic
2025-07-16T18:53:57.856039+00:00 ubuntu kernel: usb 1-1: new full-speed USB device number 2 using uhci_hcd
2025-07-16T18:53:57.856040+00:00 ubuntu kernel: usb 1-1: New USB device found, idVendor=0627, idProduct=0001, bcdDevice= 0.00
2025-07-16T18:53:57.856040+00:00 ubuntu kernel: usb 1-1: New USB device strings: Mfr=1, Product=3, SerialNumber=10
2025-07-16T18:53:57.856040+00:00 ubuntu kernel: virtio_net virtio2 ens6: renamed from eth0
2025-07-16T18:53:57.856041+00:00 ubuntu kernel: usb 1-1: Product: QEMU USB Tablet
2025-07-16T18:53:57.856045+00:00 ubuntu kernel: usb 1-1: Manufacturer: QEMU
2025-07-16T18:53:57.856045+00:00 ubuntu kernel: FDC 0 is a S82078B
2025-07-16T18:53:57.856045+00:00 ubuntu kernel: usb 1-1: SerialNumber: 28754-0000:00:01.2-1
2025-07-16T18:53:57.856046+00:00 ubuntu kernel: input: VirtualPS/2 VMware VMMouse as /devices/platform/i8042/serio1/input/input4
2025-07-16T18:53:57.856046+00:00 ubuntu kernel: input: VirtualPS/2 VMware VMMouse as /devices/platform/i8042/serio1/input/input3
2025-07-16T18:53:57.856046+00:00 ubuntu kernel: hid: raw HID events driver (C) Jiri Kosina
2025-07-16T18:53:57.856047+00:00 ubuntu kernel: usbcore: registered new interface driver usbhid
2025-07-16T18:53:57.856051+00:00 ubuntu kernel: usbhid: USB HID core driver
2025-07-16T18:53:57.856051+00:00 ubuntu kernel: input: QEMU QEMU USB Tablet as /devices/pci0000:00/0000:00:01.2/usb1/1-1/1-1:1.0/0003:0627:0001.0001/input/input5
2025-07-16T18:53:57.856052+00:00 ubuntu kernel: hid-generic 0003:0627:0001.0001: input,hidraw0: USB HID v0.01 Mouse [QEMU QEMU USB Tablet] on usb-0000:00:01.2-1/input0
2025-07-16T18:53:57.856052+00:00 ubuntu kernel: raid6: avx2x4   gen() 30575 MB/s
2025-07-16T18:53:57.856052+00:00 ubuntu kernel: raid6: avx2x2   gen() 29622 MB/s
2025-07-16T18:53:57.856053+00:00 ubuntu kernel: raid6: avx2x1   gen() 21000 MB/s
2025-07-16T18:53:57.856057+00:00 ubuntu kernel: raid6: using algorithm avx2x4 gen() 30575 MB/s
2025-07-16T18:53:57.856057+00:00 ubuntu kernel: raid6: .... xor() 4589 MB/s, rmw enabled
2025-07-16T18:53:57.856058+00:00 ubuntu kernel: raid6: using avx2x2 recovery algorithm
2025-07-16T18:53:57.856058+00:00 ubuntu kernel: xor: automatically using best checksumming function   avx       
2025-07-16T18:53:57.856058+00:00 ubuntu kernel: async_tx: api initialized (async)
2025-07-16T18:53:57.856059+00:00 ubuntu kernel: Btrfs loaded, zoned=yes, fsverity=yes
2025-07-16T18:53:57.856063+00:00 ubuntu kernel: EXT4-fs (vda1): mounted filesystem 21f08275-91e8-4a2a-85f9-9a52f3ea034b ro with ordered data mode. Quota mode: none.
2025-07-16T18:53:57.856151+00:00 ubuntu kernel: EXT4-fs (vda1): re-mounted 21f08275-91e8-4a2a-85f9-9a52f3ea034b r/w. Quota mode: none.
2025-07-16T18:53:57.856151+00:00 ubuntu kernel: EXT4-fs (vda16): mounted filesystem 5922ac07-180c-49b7-bb8e-a15e5b318385 r/w with ordered data mode. Quota mode: none.
2025-07-16T18:53:57.856158+00:00 ubuntu kernel: audit: type=1400 audit(1752692032.169:2): apparmor="STATUS" operation="profile_load" profile="unconfined" name="brave" pid=516 comm="apparmor_parser"
2025-07-16T18:53:57.856158+00:00 ubuntu kernel: audit: type=1400 audit(1752692032.169:3): apparmor="STATUS" operation="profile_load" profile="unconfined" name="balena-etcher" pid=515 comm="apparmor_parser"
2025-07-16T18:53:57.856159+00:00 ubuntu kernel: audit: type=1400 audit(1752692032.169:4): apparmor="STATUS" operation="profile_load" profile="unconfined" name=4D6F6E676F444220436F6D70617373 pid=513 comm="apparmor_parser"
2025-07-16T18:53:57.856159+00:00 ubuntu kernel: audit: type=1400 audit(1752692032.169:5): apparmor="STATUS" operation="profile_load" profile="unconfined" name="QtWebEngineProcess" pid=514 comm="apparmor_parser"
2025-07-16T18:53:57.856159+00:00 ubuntu kernel: audit: type=1400 audit(1752692032.169:6): apparmor="STATUS" operation="profile_load" profile="unconfined" name="Discord" pid=512 comm="apparmor_parser"
2025-07-16T18:53:57.856164+00:00 ubuntu kernel: audit: type=1400 audit(1752692032.169:7): apparmor="STATUS" operation="profile_load" profile="unconfined" name="1password" pid=511 comm="apparmor_parser"
2025-07-16T18:53:57.856164+00:00 ubuntu kernel: audit: type=1400 audit(1752692032.171:8): apparmor="STATUS" operation="profile_load" profile="unconfined" name="busybox" pid=518 comm="apparmor_parser"
2025-07-16T18:53:57.856165+00:00 ubuntu kernel: audit: type=1400 audit(1752692032.171:9): apparmor="STATUS" operation="profile_load" profile="unconfined" name="buildah" pid=517 comm="apparmor_parser"
2025-07-16T18:53:57.856165+00:00 ubuntu kernel: audit: type=1400 audit(1752692032.172:10): apparmor="STATUS" operation="profile_load" profile="unconfined" name="ch-checkns" pid=520 comm="apparmor_parser"
2025-07-16T18:53:57.856165+00:00 ubuntu kernel: kvm_amd: Nested Virtualization enabled
2025-07-16T18:53:57.856166+00:00 ubuntu kernel: kvm_amd: Nested Paging enabled
2025-07-16T18:53:57.856170+00:00 ubuntu kernel: EXT4-fs (vda1): resizing filesystem from 917243 to 94109435 blocks
2025-07-16T18:53:57.856170+00:00 ubuntu kernel: EXT4-fs (vda1): resized filesystem to 94109435
2025-07-16T18:53:57.856171+00:00 ubuntu kernel: kauditd_printk_skb: 110 callbacks suppressed
2025-07-16T18:53:57.856171+00:00 ubuntu kernel: audit: type=1400 audit(1752692037.762:121): apparmor="STATUS" operation="profile_replace" info="same as current profile, skipping" profile="unconfined" name="rsyslogd" pid=852 comm="apparmor_parser"
2025-07-16T18:53:57.894697+00:00 ubuntu kernel: loop0: detected capacity change from 0 to 8
2025-07-16T18:53:57.984700+00:00 ubuntu kernel: audit: type=1400 audit(1752692037.983:122): apparmor="STATUS" operation="profile_replace" profile="unconfined" name="/usr/lib/snapd/snap-confine" pid=1007 comm="apparmor_parser"
2025-07-16T18:53:57.994691+00:00 ubuntu kernel: audit: type=1400 audit(1752692037.993:123): apparmor="STATUS" operation="profile_replace" profile="unconfined" name="/usr/lib/snapd/snap-confine//mount-namespace-capture-helper" pid=1007 comm="apparmor_parser"
2025-07-16T18:58:43.787797+00:00 ubuntu kernel: audit: type=1400 audit(1752692323.785:124): apparmor="STATUS" operation="profile_replace" info="same as current profile, skipping" profile="unconfined" name="ubuntu_pro_apt_news" pid=4380 comm="apparmor_parser"
2025-07-16T18:58:43.998784+00:00 ubuntu kernel: audit: type=1400 audit(1752692323.996:125): apparmor="STATUS" operation="profile_replace" profile="unconfined" name="ubuntu_pro_esm_cache" pid=4383 comm="apparmor_parser"
2025-07-16T18:58:44.005769+00:00 ubuntu kernel: audit: type=1400 audit(1752692324.003:126): apparmor="STATUS" operation="profile_replace" profile="unconfined" name="ubuntu_pro_esm_cache//apt_methods" pid=4383 comm="apparmor_parser"
2025-07-16T18:58:44.006764+00:00 ubuntu kernel: audit: type=1400 audit(1752692324.004:127): apparmor="STATUS" operation="profile_replace" profile="unconfined" name="ubuntu_pro_esm_cache//apt_methods_gpgv" pid=4383 comm="apparmor_parser"
2025-07-16T18:58:44.007764+00:00 ubuntu kernel: audit: type=1400 audit(1752692324.005:128): apparmor="STATUS" operation="profile_replace" profile="unconfined" name="ubuntu_pro_esm_cache//cloud_id" pid=4383 comm="apparmor_parser"
2025-07-16T18:58:44.007768+00:00 ubuntu kernel: audit: type=1400 audit(1752692324.005:129): apparmor="STATUS" operation="profile_replace" profile="unconfined" name="ubuntu_pro_esm_cache//dpkg" pid=4383 comm="apparmor_parser"
2025-07-16T18:58:44.008762+00:00 ubuntu kernel: audit: type=1400 audit(1752692324.006:130): apparmor="STATUS" operation="profile_replace" profile="unconfined" name="ubuntu_pro_esm_cache//ps" pid=4383 comm="apparmor_parser"
2025-07-16T18:58:44.009763+00:00 ubuntu kernel: audit: type=1400 audit(1752692324.007:131): apparmor="STATUS" operation="profile_replace" profile="unconfined" name="ubuntu_pro_esm_cache//ubuntu_distro_info" pid=4383 comm="apparmor_parser"
2025-07-16T18:58:44.009767+00:00 ubuntu kernel: audit: type=1400 audit(1752692324.007:132): apparmor="STATUS" operation="profile_replace" profile="unconfined" name="ubuntu_pro_esm_cache_systemctl" pid=4383 comm="apparmor_parser"
2025-07-16T18:58:44.010766+00:00 ubuntu kernel: audit: type=1400 audit(1752692324.008:133): apparmor="STATUS" operation="profile_replace" profile="unconfined" name="ubuntu_pro_esm_cache_systemd_detect_virt" pid=4383 comm="apparmor_parser"
2025-07-16T18:59:02.285502+00:00 ubuntu kernel: audit: type=1400 audit(1752692342.231:134): apparmor="STATUS" operation="profile_replace" info="same as current profile, skipping" profile="unconfined" name="rsyslogd" pid=12941 comm="apparmor_parser"
2025-07-16T18:59:05.238785+00:00 ubuntu kernel: loop0: detected capacity change from 0 to 8
2025-07-16T18:59:05.307795+00:00 ubuntu kernel: audit: type=1400 audit(1752692345.306:135): apparmor="STATUS" operation="profile_replace" info="same as current profile, skipping" profile="unconfined" name="/usr/lib/snapd/snap-confine" pid=13022 comm="apparmor_parser"
2025-07-16T18:59:05.308777+00:00 ubuntu kernel: audit: type=1400 audit(1752692345.307:136): apparmor="STATUS" operation="profile_replace" info="same as current profile, skipping" profile="unconfined" name="/usr/lib/snapd/snap-confine//mount-namespace-capture-helper" pid=13022 comm="apparmor_parser"
